
> konivrer-deck-database@1.0.0 build
> vite build

vite v6.3.5 building for production...
transforming...
✓ 5489 modules transformed.
rendering chunks...
[esbuild css minify]
▲ [WARNING] Unterminated string token [css-syntax-error]

    <stdin>:1:62092:
      1 │ ...teric-quote:after,.esoteric-quote:before{bottom:-2rem;content:""";
        ╵                                                                      ^


▲ [WARNING] Expected ":" [css-syntax-error]

    <stdin>:15:2155:
      15 │ ...:url("data:image/svg+xml;charset=utf-8,%3Csvg xmlns='http://www...
         │                                    ^
         ╵                                    :


▲ [WARNING] Expected ":" [css-syntax-error]

    <stdin>:15:40113:
      15 │ ...:url("data:image/svg+xml;charset=utf-8,%3Csvg xmlns='http://www...
         │                                    ^
         ╵                                    :


▲ [WARNING] Expected "}" to go with "{" [css-syntax-error]

    <stdin>:15:102381:
      15 │ ...device,.mobile-device .game-board{height:-webkit-fill-available}}
         │                                                                     ^
         ╵                                                                     }

  The unbalanced "{" is here:

    <stdin>:14:23:
      14 │ .esoteric-quote::after {
         ╵                        ^


▲ [WARNING] Unterminated string token [css-syntax-error]

    <stdin>:15:102381:
      15 │ ...device,.mobile-device .game-board{height:-webkit-fill-available}}
         ╵                                                                     ^


[plugin vite:reporter] 
(!) /workspace/KONIVRER-deck-database/src/utils/analytics.js is dynamically imported by /workspace/KONIVRER-deck-database/src/components/ErrorBoundary.jsx, /workspace/KONIVRER-deck-database/src/components/ErrorBoundary.jsx, /workspace/KONIVRER-deck-database/src/components/ErrorBoundary.jsx but also statically imported by /workspace/KONIVRER-deck-database/src/components/MobileFirstLayout.jsx, dynamic import will not move module into another chunk.

computing gzip size...
dist/index.html                                10.24 kB │ gzip:   2.97 kB
dist/assets/index-CFWBks62.css                158.41 kB │ gzip:  28.20 kB
dist/assets/speedOptimizations-Cw9vEyyh.js      3.62 kB │ gzip:   1.44 kB
dist/assets/rules-B6n6ChTq.js                   6.34 kB │ gzip:   2.67 kB
dist/assets/index-DoKfV7tj.js               3,992.62 kB │ gzip: 867.36 kB

(!) Some chunks are larger than 1500 kB after minification. Consider:
- Using dynamic import() to code-split the application
- Use build.rollupOptions.output.manualChunks to improve chunking: https://rollupjs.org/configuration-options/#output-manualchunks
- Adjust chunk size limit for this warning via build.chunkSizeWarningLimit.
✓ built in 14.70s
